ERROR:  role "datea" does not exist
ERROR:  role "datea" does not exist
ERROR:  role "datea" does not exist
ERROR:  role "datea" does not exist
ERROR:  role "datea" does not exist
ERROR:  role "datea" does not exist
ERROR:  role "datea" does not exist
ERROR:  role "datea" does not exist
ERROR:  role "datea" does not exist
ERROR:  role "datea" does not exist
ERROR:  role "datea" does not exist
ERROR:  role "datea" does not exist
ERROR:  role "datea" does not exist
ERROR:  role "datea" does not exist
ERROR:  role "datea" does not exist
ERROR:  role "datea" does not exist
ERROR:  role "datea" does not exist
ERROR:  role "datea" does not exist
ERROR:  role "datea" does not exist
ERROR:  role "datea" does not exist
ERROR:  role "datea" does not exist
ERROR:  role "datea" does not exist
ERROR:  role "datea" does not exist
ERROR:  role "datea" does not exist
ERROR:  role "datea" does not exist
ERROR:  role "datea" does not exist
ERROR:  role "datea" does not exist
ERROR:  role "datea" does not exist
ERROR:  role "datea" does not exist
ERROR:  role "datea" does not exist
ERROR:  role "datea" does not exist
ERROR:  role "datea" does not exist
ERROR:  role "datea" does not exist
ERROR:  role "datea" does not exist
ERROR:  role "datea" does not exist
ERROR:  role "datea" does not exist
ERROR:  role "datea" does not exist
ERROR:  role "datea" does not exist
ERROR:  role "datea" does not exist
ERROR:  role "datea" does not exist
ERROR:  role "datea" does not exist
ERROR:  role "datea" does not exist
ERROR:  role "datea" does not exist
ERROR:  role "datea" does not exist
ERROR:  role "datea" does not exist
ERROR:  role "datea" does not exist
ERROR:  role "datea" does not exist
ERROR:  role "datea" does not exist
ERROR:  role "datea" does not exist
ERROR:  role "datea" does not exist
ERROR:  role "datea" does not exist
ERROR:  role "datea" does not exist
ERROR:  role "datea" does not exist
ERROR:  role "datea" does not exist
ERROR:  role "datea" does not exist
ERROR:  role "datea" does not exist
ERROR:  role "datea" does not exist
ERROR:  role "datea" does not exist
ERROR:  role "datea" does not exist
ERROR:  role "datea" does not exist
ERROR:  role "datea" does not exist
ERROR:  role "datea" does not exist
ERROR:  role "datea" does not exist
ERROR:  role "datea" does not exist
ERROR:  role "datea" does not exist
ERROR:  role "datea" does not exist
ERROR:  role "datea" does not exist
ERROR:  role "datea" does not exist
ERROR:  role "datea" does not exist
ERROR:  role "datea" does not exist
ERROR:  role "datea" does not exist
ERROR:  role "datea" does not exist
ERROR:  role "datea" does not exist
ERROR:  role "datea" does not exist
ERROR:  role "datea" does not exist
ERROR:  role "datea" does not exist
ERROR:  role "postgres" does not exist
ERROR:  role "postgres" does not exist
